{
  "app.js": "app.ab4bbc98.js",
  "vendors.js": "vendors.87c10dc8.js"
}