<!doctype html><html lang="en"><head><meta charset="utf-8"><meta name="viewport" content="width=device-width,initial-scale=1,shrink-to-fit=no"><meta http-equiv="X-UA-Compatible" content="ie=edge"><meta name="theme-color" content="#000000"><title>Lugia Mega App</title></head><body><noscript>You need to enable JavaScript to run this app.</noscript><div id="root"></div><script src="./vendors.87c10dc8.js"></script><script src="./app.163e9237.js"></script></body></html>