{
  "index.css": "index.5d2c43bd.css",
  "index.js": "index.9a11d750.js",
  "vendors.js": "vendors.eaf97a24.js"
}