<!DOCTYPE html>
<html>
  <head>
    <meta charset="UTF-8">
    <title>Webpack App</title>
  <link href="index.5d2c43bd.css" rel="stylesheet"></head>
  <body>
  <script type="text/javascript" src="index.201b971b.js"></script></body>
</html>