// Jest Snapshot v1, https://goo.gl/fbAQLP

exports[`babel-preset-mega engine: nodeApp 1`] = `
Array [
  Object {
    "code": "export default (async () => {
  function go() {}

  await go();
});",
    "file": "async.js",
  },
  Object {
    "code": "const set = new Set([1, 2, 3]);
[1, 2, 3].includes(2);",
    "file": "core.js",
  },
  Object {
    "code": "// eslint-disable-next-line
function foo(one, two, three) {}",
    "file": "flow.js",
  },
  Object {
    "code": "// eslint-disable-next-line
import React from 'react'; // eslint-disable-next-line

import ReactDOM from 'react-dom';
ReactDOM.render(React.createElement(\\"h1\\", null, \\"Hello, world!\\"), document.getElementById('root'));",
    "file": "react.jsx",
  },
  Object {
    "code": "// eslint-disable-next-line
import * as React from 'react';

function Hello({
  name,
  enthusiasmLevel = 1,
  onIncrement,
  onDecrement
}) {
  if (enthusiasmLevel <= 0) {
    throw new Error('You could be a little more enthusiastic. :D');
  }

  return React.createElement(\\"div\\", {
    className: \\"hello\\"
  }, React.createElement(\\"div\\", {
    className: \\"greeting\\"
  }, \\"Hello \\", name + getExclamationMarks(enthusiasmLevel)), React.createElement(\\"div\\", null, React.createElement(\\"button\\", {
    type: \\"button\\",
    onClick: onDecrement
  }, \\"-\\"), React.createElement(\\"button\\", {
    type: \\"button\\",
    onClick: onIncrement
  }, \\"+\\")));
}

export default Hello; // helpers

function getExclamationMarks(numChars) {
  return Array(numChars + 1).join('!');
}",
    "file": "react.tsx",
  },
  Object {
    "code": "const x = {
  languageName: '',
  enthusiasmLevel: 1
};
export default x;",
    "file": "typescript.ts",
  },
]
`;
